// Jest Snapshot v1, https://goo.gl/fbAQLP

exports[`Environments should render Environments 1`] = `
<div>
  <div
    class="StyledProps--font StyledProps--main yamlToggleEnv"
  >
    <div
      class="Layout--horizontal StyledProps--main StyledProps--flex StyledProps--flex-justifyContent-flex-start"
      padding-top="8px"
    >
      <div
        class="PillToggle--optionBtns"
      >
        <div
          class="PillToggle--item PillToggle--selected"
          data-name="toggle-option-one"
          role="button"
          tabindex="0"
        >
          VISUAL
        </div>
        <div
          class="PillToggle--item"
          data-name="toggle-option-two"
          role="button"
          tabindex="0"
        >
          YAML
        </div>
      </div>
    </div>
  </div>
  <div
    class="Layout--vertical StyledProps--main"
  >
    <div
      class="OverlaySpinner--overlaySpinner"
    >
      <form
        class="FormikForm--main"
      >
        <div>
          <div
            class="StyledProps--font StyledProps--main main"
          >
            <div
              class="InputWithIdentifier--txtNameContainer TextInput--main"
            >
              <div
                class="Layout--horizontal Layout--layout-spacing-xsmall StyledProps--main InputWithIdentifier--txtIdContainer"
              >
                <div
                  class="Text--withDocsTooltip"
                  data-tooltip-id="deployEnv_identifier"
                >
                  <p
                    class="StyledProps--font StyledProps--main"
                  >
                    ID
                  </p>
                </div>
                <p
                  class="StyledProps--font StyledProps--main"
                >
                  :
                </p>
                <span
                  class="bp3-popover-wrapper"
                >
                  <span
                    class="bp3-popover-target"
                  >
                    <div
                      class="bp3-editable-text InputWithIdentifier--idValue"
                      tabindex="0"
                    >
                      <span
                        class="bp3-editable-text-content"
                        style="height: 1px; line-height: 1px; min-width: 0;"
                      >
                        qa
                      </span>
                    </div>
                  </span>
                </span>
                <span
                  class="bp3-icon StyledProps--main"
                  data-icon="Edit"
                  style="vertical-align: middle; cursor: pointer;"
                >
                  <svg
                    height="12"
                    viewBox="0 0 16 16"
                    width="12"
                    xmlns="http://www.w3.org/2000/svg"
                  >
                    <path
                      clip-rule="evenodd"
                      d="M11.207.485a.5.5 0 01.354-.146 3.5 3.5 0 013.5 3.5.5.5 0 01-.146.353l-11 11a.5.5 0 01-.354.147h-3a.5.5 0 01-.5-.5v-3a.5.5 0 01.146-.354l11-11zm.553.862L1.061 12.046v2.293h2.293l10.7-10.7a2.5 2.5 0 00-2.294-2.292z"
                      fill="currentColor"
                      fill-rule="evenodd"
                    />
                    <path
                      clip-rule="evenodd"
                      d="M11.89 2.646a.5.5 0 010 .708L8.353 6.889a.5.5 0 01-.708-.707l3.536-3.536a.5.5 0 01.707 0z"
                      fill="currentColor"
                      fill-rule="evenodd"
                      opacity="0.3"
                    />
                  </svg>
                </span>
              </div>
              <div
                class="bp3-form-group"
                data-id="name-0"
              >
                <label
                  class="bp3-label"
                  for="name"
                >
                  <span
                    class="Tooltip--acenter"
                    data-tooltip-id="deployEnv_name"
                  >
                    name
                  </span>
                   
                  <span
                    class="bp3-text-muted"
                  />
                </label>
                <div
                  class="bp3-form-content"
                >
                  <div
                    class="bp3-input-group"
                  >
                    <input
                      autocomplete="off"
                      class="bp3-input"
                      name="name"
                      type="text"
                      value="qa"
                    />
                  </div>
                </div>
              </div>
            </div>
            <div
              class="StyledProps--font StyledProps--main"
              style="margin-bottom: 0px;"
            >
              <label
                class="Label--main bp3-label descriptionLabel"
              >
                optionalField
              </label>
              <div
                class="bp3-form-group"
                data-id="description-1"
              >
                <div
                  class="bp3-form-content"
                >
                  <textarea
                    autocomplete="off"
                    class="bp3-input bp3-fill"
                    maxlength="1024"
                    name="description"
                    placeholder="common.descriptionPlaceholder"
                  >
                    Decription mock
                  </textarea>
                </div>
              </div>
            </div>
            <div
              class="StyledProps--font StyledProps--main"
            >
              <label
                class="Label--main bp3-label descriptionLabel"
              >
                optionalField
              </label>
              <div
                class="bp3-form-group"
                data-id="undefined-2"
              >
                <div
                  class="bp3-form-content"
                >
                  <div
                    class="bp3-input bp3-tag-input"
                  >
                    <div
                      class="bp3-tag-input-values"
                    >
                      <span
                        class="bp3-tag"
                        data-tag-index="0"
                      >
                        <span
                          class="bp3-text-overflow-ellipsis bp3-fill"
                        >
                          asd
                        </span>
                        <button
                          class="bp3-tag-remove"
                          type="button"
                        >
                          <span
                            class="bp3-icon bp3-icon-small-cross"
                            icon="small-cross"
                          >
                            <svg
                              data-icon="small-cross"
                              height="16"
                              viewBox="0 0 16 16"
                              width="16"
                            >
                              <desc>
                                small-cross
                              </desc>
                              <path
                                d="M9.41 8l2.29-2.29c.19-.18.3-.43.3-.71a1.003 1.003 0 00-1.71-.71L8 6.59l-2.29-2.3a1.003 1.003 0 00-1.42 1.42L6.59 8 4.3 10.29c-.19.18-.3.43-.3.71a1.003 1.003 0 001.71.71L8 9.41l2.29 2.29c.18.19.43.3.71.3a1.003 1.003 0 00.71-1.71L9.41 8z"
                                fill-rule="evenodd"
                              />
                            </svg>
                          </span>
                        </button>
                      </span>
                      <input
                        class="bp3-input-ghost"
                        data-mentions="kv-tag-input-tags"
                        value=""
                      />
                    </div>
                  </div>
                </div>
              </div>
            </div>
          </div>
          <div
            class="Layout--vertical Layout--layout-spacing-small StyledProps--main"
          >
            <label
              class="Label--main bp3-label label"
            >
              envType
            </label>
            <div
              class="bp3-form-group ThumbnailSelect--mainContainer thumbnailSelect"
              data-id="type-3"
            >
              <div
                class="bp3-form-content"
              >
                <div
                  class="Layout--horizontal Layout--layout-spacing-medium StyledProps--main"
                >
                  <label
                    class="Thumbnail--squareCardContainer Thumbnail--bigger"
                  >
                    <div
                      class="bp3-card bp3-interactive bp3-elevation-0 Card--card Thumbnail--squareCard Card--interactive"
                      tabindex="0"
                    >
                      <p
                        class="StyledProps--font StyledProps--main Thumbnail--label StyledProps--color StyledProps--color-black"
                      >
                        production
                      </p>
                    </div>
                    <input
                      name="type"
                      type="checkbox"
                      value="Production"
                    />
                  </label>
                  <label
                    class="Thumbnail--squareCardContainer Thumbnail--bigger"
                  >
                    <div
                      class="bp3-card bp3-interactive bp3-elevation-0 Card--card Thumbnail--squareCard Card--interactive"
                      tabindex="0"
                    >
                      <p
                        class="StyledProps--font StyledProps--main Thumbnail--label StyledProps--color StyledProps--color-black"
                      >
                        nonProduction
                      </p>
                    </div>
                    <input
                      name="type"
                      type="checkbox"
                      value="PreProduction"
                    />
                  </label>
                </div>
              </div>
            </div>
          </div>
          <div
            class="Layout--horizontal Layout--layout-spacing-small StyledProps--main StyledProps--padding-top-xlarge"
          >
            <button
              class="bp3-button Button--button StyledProps--font StyledProps--main Button--with-current-color Button--variation Button--variation-primary"
              data-id="environment-save"
              type="submit"
            >
              <span
                class="bp3-button-text"
              >
                save
              </span>
            </button>
             
            <button
              class="bp3-button Button--button StyledProps--font StyledProps--main Button--with-current-color Button--variation Button--variation-tertiary"
              type="button"
            >
              <span
                class="bp3-button-text"
              >
                cancel
              </span>
            </button>
          </div>
        </div>
      </form>
    </div>
  </div>
</div>
`;

exports[`Environments should render Environments 2`] = `
<div>
  <div
    class="StyledProps--font StyledProps--main yamlToggleEnv"
  >
    <div
      class="Layout--horizontal StyledProps--main StyledProps--flex StyledProps--flex-justifyContent-flex-start"
      padding-top="8px"
    >
      <div
        class="PillToggle--optionBtns"
      >
        <div
          class="PillToggle--item"
          data-name="toggle-option-one"
          role="button"
          tabindex="0"
        >
          VISUAL
        </div>
        <div
          class="PillToggle--item PillToggle--selected"
          data-name="toggle-option-two"
          role="button"
          tabindex="0"
        >
          YAML
        </div>
      </div>
    </div>
  </div>
  <div
    class="Layout--vertical StyledProps--main"
  >
    <div
      class="OverlaySpinner--overlaySpinner"
    >
      <div
        class="StyledProps--font StyledProps--main"
      >
        <div />
        <div
          class="Layout--horizontal StyledProps--main StyledProps--padding-top-large"
        >
          <button
            class="bp3-button bp3-disabled bp3-loading Button--button StyledProps--font StyledProps--main Button--with-current-color Button--variation Button--variation-primary"
            disabled=""
            tabindex="-1"
            type="submit"
          >
            <div
              class="bp3-spinner bp3-button-spinner"
            >
              <div
                class="bp3-spinner-animation"
              >
                <svg
                  height="20"
                  stroke-width="16.00"
                  viewBox="-3.00 -3.00 106.00 106.00"
                  width="20"
                >
                  <path
                    class="bp3-spinner-track"
                    d="M 50,50 m 0,-45 a 45,45 0 1 1 0,90 a 45,45 0 1 1 0,-90"
                  />
                  <path
                    class="bp3-spinner-head"
                    d="M 50,50 m 0,-45 a 45,45 0 1 1 0,90 a 45,45 0 1 1 0,-90"
                    pathLength="280"
                    stroke-dasharray="280 280"
                    stroke-dashoffset="210"
                  />
                </svg>
              </div>
            </div>
            <span
              class="bp3-button-text"
            >
              save
            </span>
          </button>
             
          <button
            class="bp3-button Button--button StyledProps--font StyledProps--main Button--with-current-color Button--variation Button--variation-tertiary"
            type="button"
          >
            <span
              class="bp3-button-text"
            >
              cancel
            </span>
          </button>
        </div>
      </div>
    </div>
  </div>
</div>
`;
