// Jest Snapshot v1, https://goo.gl/fbAQLP

exports[`Kubernetes sidecar artifacts tests Should match snapshot 1`] = `
<div>
  <div
    class="nopadLeft accordionSummary"
    id="Stage.stage-0.Service.Artifacts.Sidecars"
  >
    <p
      class="StyledProps--font StyledProps--main inputheader"
    >
      sidecarArtifactText
    </p>
    <div>
      <p
        class="StyledProps--font StyledProps--main inputheader"
      >
        sidecar2
        <span
          class="bp3-popover-wrapper artifactInfoTooltip"
        >
          <span
            class="bp3-popover-target"
          >
            <span
              class="bp3-icon StyledProps--main"
              data-icon="info"
              tabindex="0"
            >
              <svg
                height="16"
                viewBox="0 0 12 12"
                width="16"
                xmlns="http://www.w3.org/2000/svg"
              >
                <path
                  clip-rule="evenodd"
                  d="M0 6a6 6 0 1012 0A6 6 0 000 6zm.75 0a5.25 5.25 0 1010.5 0A5.25 5.25 0 00.75 6zm4.206 3.104v.646h2.682v-.646l-.836-.144V4.203H4.956v.65l.836.144V8.96l-.836.144zm1.846-7.352v1.03h-1.01v-1.03h1.01z"
                  fill-rule="evenodd"
                />
              </svg>
            </span>
          </span>
        </span>
      </p>
    </div>
    <div>
      <p
        class="StyledProps--font StyledProps--main inputheader"
      >
        Sidecar test
      </p>
    </div>
    <div>
      <p
        class="StyledProps--font StyledProps--main inputheader"
      >
        GCR sidecar
        <span
          class="bp3-popover-wrapper artifactInfoTooltip"
        >
          <span
            class="bp3-popover-target"
          >
            <span
              class="bp3-icon StyledProps--main"
              data-icon="info"
              tabindex="0"
            >
              <svg
                height="16"
                viewBox="0 0 12 12"
                width="16"
                xmlns="http://www.w3.org/2000/svg"
              >
                <path
                  clip-rule="evenodd"
                  d="M0 6a6 6 0 1012 0A6 6 0 000 6zm.75 0a5.25 5.25 0 1010.5 0A5.25 5.25 0 00.75 6zm4.206 3.104v.646h2.682v-.646l-.836-.144V4.203H4.956v.65l.836.144V8.96l-.836.144zm1.846-7.352v1.03h-1.01v-1.03h1.01z"
                  fill-rule="evenodd"
                />
              </svg>
            </span>
          </span>
        </span>
      </p>
    </div>
    <div>
      <p
        class="StyledProps--font StyledProps--main inputheader"
      >
        Sidecar ECR
        <span
          class="bp3-popover-wrapper artifactInfoTooltip"
        >
          <span
            class="bp3-popover-target"
          >
            <span
              class="bp3-icon StyledProps--main"
              data-icon="info"
              tabindex="0"
            >
              <svg
                height="16"
                viewBox="0 0 12 12"
                width="16"
                xmlns="http://www.w3.org/2000/svg"
              >
                <path
                  clip-rule="evenodd"
                  d="M0 6a6 6 0 1012 0A6 6 0 000 6zm.75 0a5.25 5.25 0 1010.5 0A5.25 5.25 0 00.75 6zm4.206 3.104v.646h2.682v-.646l-.836-.144V4.203H4.956v.65l.836.144V8.96l-.836.144zm1.846-7.352v1.03h-1.01v-1.03h1.01z"
                  fill-rule="evenodd"
                />
              </svg>
            </span>
          </span>
        </span>
      </p>
    </div>
  </div>
</div>
`;
