// Jest Snapshot v1, https://goo.gl/fbAQLP

exports[`DeployStageSetupShell tests opens services tab by default 1`] = `
<div>
  <section
    class="setupShell"
  >
    <div
      class="bp3-tabs Tabs--main Tabs--horizontal"
    >
      <div
        class="bp3-tab-list"
        role="tablist"
      >
        <div
          class="bp3-tab-indicator-wrapper"
          style="height: 0px; transform: translateX(0px) translateY(0px); width: 0px;"
        >
          <div
            class="bp3-tab-indicator"
          />
        </div>
        <div
          aria-controls="bp3-tab-panel_stageSetupShell_OVERVIEW"
          aria-disabled="false"
          aria-expanded="false"
          aria-selected="false"
          class="bp3-tab"
          data-tab-id="OVERVIEW"
          data-testid="overview"
          id="bp3-tab-title_stageSetupShell_OVERVIEW"
          role="tab"
          tabindex="0"
        >
          <span
            class="title"
            data-completed="true"
          >
            <span
              class="bp3-icon bp3-icon-tick StyledProps--main"
              icon="tick"
            >
              <svg
                data-icon="tick"
                height="16"
                viewBox="0 0 16 16"
                width="16"
              >
                <desc>
                  tick
                </desc>
                <path
                  d="M14 3c-.28 0-.53.11-.71.29L6 10.59l-3.29-3.3a1.003 1.003 0 00-1.42 1.42l4 4c.18.18.43.29.71.29s.53-.11.71-.29l8-8A1.003 1.003 0 0014 3z"
                  fill-rule="evenodd"
                />
              </svg>
            </span>
            overview
          </span>
        </div>
        <div
          aria-controls="bp3-tab-panel_stageSetupShell_SERVICE"
          aria-disabled="false"
          aria-expanded="true"
          aria-selected="true"
          class="bp3-tab"
          data-tab-id="SERVICE"
          data-testid="service"
          id="bp3-tab-title_stageSetupShell_SERVICE"
          role="tab"
          tabindex="0"
        >
          <span
            class="title"
            data-completed="false"
          >
            <span
              class="bp3-icon StyledProps--main"
              data-icon="services"
            >
              <svg
                height="16"
                viewBox="0 0 16 16"
                width="16"
                xmlns="http://www.w3.org/2000/svg"
              >
                <path
                  clip-rule="evenodd"
                  d="M6.74 2.098a.6.6 0 01.6-.6h1.2a.6.6 0 01.6.6v1.4a4.57 4.57 0 011.083.448l.996-.993a.6.6 0 01.847 0l.85.847a.6.6 0 010 .85l-.993.99c.191.333.342.692.445 1.071h1.408a.6.6 0 01.6.6v1.2a.6.6 0 01-.6.6h-1.408a4.54 4.54 0 01-.447 1.073l.994.99a.6.6 0 010 .85l-.85.846a.6.6 0 01-.848 0l-.996-.992a4.574 4.574 0 01-1.08.445v1.401a.6.6 0 01-.6.6h-1.2a.6.6 0 01-.6-.6v-1.4a4.573 4.573 0 01-1.082-.447l-.996.992a.6.6 0 01-.847 0l-.85-.846a.6.6 0 010-.85l.993-.99a4.536 4.536 0 01-.447-1.072H2.106a.6.6 0 01-.6-.6v-1.2a.6.6 0 01.6-.6h1.406a4.52 4.52 0 01.446-1.072l-.993-.989a.6.6 0 010-.85l.85-.847a.6.6 0 01.847 0l.996.992c.336-.192.7-.343 1.083-.446V2.098zm.8.2v1.353a.607.607 0 01-.47.59c-.402.094-.78.252-1.122.462a.607.607 0 01-.747-.084L4.24 3.66l-.567.565.96.956a.607.607 0 01.084.75c-.21.339-.368.713-.463 1.111a.607.607 0 01-.588.47h-1.36v.8h1.36c.29 0 .526.204.588.468.095.399.253.773.463 1.112a.607.607 0 01-.084.75l-.96.955.567.565.963-.959a.607.607 0 01.747-.084c.341.21.719.369 1.121.463.265.061.47.297.47.589v1.353h.8v-1.353a.61.61 0 01.47-.59 3.773 3.773 0 001.121-.462.607.607 0 01.747.085l.963.959.567-.565-.96-.955a.607.607 0 01-.084-.75c.21-.34.369-.714.463-1.113a.607.607 0 01.59-.469h1.359v-.8h-1.36a.607.607 0 01-.589-.469 3.735 3.735 0 00-.462-1.11.607.607 0 01.085-.75l.96-.957-.567-.564-.963.959a.607.607 0 01-.747.084A3.773 3.773 0 008.81 4.24a.607.607 0 01-.47-.59V2.298h-.8zM8.016 6.1a1.9 1.9 0 100 3.8 1.9 1.9 0 000-3.8zM5.315 8a2.7 2.7 0 115.4 0 2.7 2.7 0 01-5.4 0z"
                  fill="currentColor"
                  fill-rule="evenodd"
                />
              </svg>
            </span>
            service
          </span>
        </div>
        <div
          aria-controls="bp3-tab-panel_stageSetupShell_INFRASTRUCTURE"
          aria-disabled="false"
          aria-expanded="false"
          aria-selected="false"
          class="bp3-tab"
          data-tab-id="INFRASTRUCTURE"
          data-testid="infrastructure"
          id="bp3-tab-title_stageSetupShell_INFRASTRUCTURE"
          role="tab"
          tabindex="0"
        >
          <span
            class="title"
            data-completed="false"
          >
            <span
              class="bp3-icon StyledProps--main"
              data-icon="infrastructure"
            >
              <svg
                height="16"
                viewBox="0 0 16 16"
                width="16"
                xmlns="http://www.w3.org/2000/svg"
              >
                <path
                  clip-rule="evenodd"
                  d="M12.543 5.377L8 2.755 3.458 5.377v5.246L8 13.245l4.543-2.622V5.377zM8.5 1.89a1 1 0 00-1 0L2.958 4.51a1 1 0 00-.5.866v5.246a1 1 0 00.5.866L7.5 14.11a1 1 0 001 0l4.543-2.622a1 1 0 00.5-.866V5.377a1 1 0 00-.5-.866L8.5 1.89z"
                  fill="currentColor"
                  fill-rule="evenodd"
                />
                <path
                  clip-rule="evenodd"
                  d="M10.233 6.71L8 5.422l-2.233 1.29V9.29L8 10.58l2.233-1.29V6.711zM8.5 4.556a1 1 0 00-1 0l-2.233 1.29a1 1 0 00-.5.866V9.29a1 1 0 00.5.866l2.233 1.29a1 1 0 001 0l2.233-1.29a1 1 0 00.5-.866V6.711a1 1 0 00-.5-.866L8.5 4.555z"
                  fill="currentColor"
                  fill-rule="evenodd"
                />
              </svg>
            </span>
            infrastructureText
          </span>
        </div>
        <div
          aria-controls="bp3-tab-panel_stageSetupShell_EXECUTION"
          aria-disabled="false"
          aria-expanded="false"
          aria-selected="false"
          class="bp3-tab fullHeight"
          data-tab-id="EXECUTION"
          data-testid="execution"
          id="bp3-tab-title_stageSetupShell_EXECUTION"
          role="tab"
          tabindex="0"
        >
          <span
            class="title"
            data-completed="true"
          >
            <span
              class="bp3-icon bp3-icon-tick StyledProps--main"
              icon="tick"
            >
              <svg
                data-icon="tick"
                height="16"
                viewBox="0 0 16 16"
                width="16"
              >
                <desc>
                  tick
                </desc>
                <path
                  d="M14 3c-.28 0-.53.11-.71.29L6 10.59l-3.29-3.3a1.003 1.003 0 00-1.42 1.42l4 4c.18.18.43.29.71.29s.53-.11.71-.29l8-8A1.003 1.003 0 0014 3z"
                  fill-rule="evenodd"
                />
              </svg>
            </span>
            executionText
          </span>
        </div>
        <div
          aria-controls="bp3-tab-panel_stageSetupShell_ADVANCED"
          aria-disabled="false"
          aria-expanded="false"
          aria-selected="false"
          class="bp3-tab fullHeight"
          data-tab-id="ADVANCED"
          data-testid="advanced"
          id="bp3-tab-title_stageSetupShell_ADVANCED"
          role="tab"
          tabindex="0"
        >
          <span
            class="title"
            data-completed="true"
          >
            <span
              class="bp3-icon bp3-icon-tick StyledProps--main"
              icon="tick"
            >
              <svg
                data-icon="tick"
                height="16"
                viewBox="0 0 16 16"
                width="16"
              >
                <desc>
                  tick
                </desc>
                <path
                  d="M14 3c-.28 0-.53.11-.71.29L6 10.59l-3.29-3.3a1.003 1.003 0 00-1.42 1.42l4 4c.18.18.43.29.71.29s.53-.11.71-.29l8-8A1.003 1.003 0 0014 3z"
                  fill-rule="evenodd"
                />
              </svg>
            </span>
            Advanced
          </span>
        </div>
      </div>
      <div
        aria-hidden="false"
        aria-labelledby="bp3-tab-title_stageSetupShell_SERVICE"
        class="bp3-tab-panel"
        id="bp3-tab-panel_stageSetupShell_SERVICE"
        role="tabpanel"
      >
        <form
          class="FormikForm--main"
        >
          <div>
            <div
              class="serviceOverrides"
            >
              <div
                class="contentSection"
              >
                <div
                  class="StyledProps--font StyledProps--main StyledProps--margin-bottom-xlarge StyledProps--margin-left-xlarge"
                >
                  <div
                    class="StyledProps--font StyledProps--main"
                  >
                    <div
                      class="Layout--horizontal Layout--layout-spacing-xxxlarge StyledProps--main StyledProps--flex StyledProps--flex-justifyContent-flex-start"
                    >
                      <section
                        class="stageSelectionGrid"
                      >
                        <div
                          class="Layout--horizontal Layout--layout-spacing-medium StyledProps--main StyledProps--flex"
                        >
                          <label
                            class="bp3-control bp3-radio StyledProps--font Radio--radio propagateFromRadio StyledProps--main StyledProps--color StyledProps--color-grey500 StyledProps--font-weight-semi-bold"
                          >
                            <input
                              type="radio"
                            />
                            <span
                              class="bp3-control-indicator"
                            />
                            Propagate from:
                          </label>
                          <div
                            class="bp3-form-group bp3-disabled stageSelectDropDown"
                          >
                            <div
                              class="bp3-form-content"
                            >
                              <div
                                class="bp3-popover-wrapper Select--main bp3-fill"
                              >
                                <div
                                  class="bp3-popover-target"
                                >
                                  <div
                                    class="bp3-input-group bp3-disabled"
                                  >
                                    <input
                                      autocomplete="off"
                                      class="bp3-input"
                                      disabled=""
                                      name="selectedPropagatedState"
                                      placeholder="- pipeline.selectStagePlaceholder -"
                                      style="padding-right: 0px;"
                                      type="text"
                                      value=""
                                    />
                                    <span
                                      class="bp3-input-action"
                                    >
                                      <span
                                        class="bp3-icon bp3-icon-chevron-down StyledProps--main StyledProps--padding-small"
                                        icon="chevron-down"
                                      >
                                        <svg
                                          data-icon="chevron-down"
                                          height="14"
                                          viewBox="0 0 16 16"
                                          width="14"
                                        >
                                          <desc>
                                            chevron-down
                                          </desc>
                                          <path
                                            d="M12 5c-.28 0-.53.11-.71.29L8 8.59l-3.29-3.3a1.003 1.003 0 00-1.42 1.42l4 4c.18.18.43.29.71.29s.53-.11.71-.29l4-4A1.003 1.003 0 0012 5z"
                                            fill-rule="evenodd"
                                          />
                                        </svg>
                                      </span>
                                    </span>
                                  </div>
                                </div>
                              </div>
                            </div>
                          </div>
                          <span
                            data-tooltip-id="selectPropagatedState"
                          />
                        </div>
                      </section>
                      <section
                        class="stageSelectionGrid"
                      >
                        <label
                          class="bp3-control bp3-radio StyledProps--font Radio--radio StyledProps--main StyledProps--color StyledProps--color-grey500 StyledProps--font-weight-semi-bold"
                        >
                          <input
                            checked=""
                            type="radio"
                          />
                          <span
                            class="bp3-control-indicator"
                          />
                          cd.pipelineSteps.serviceTab.differentService
                        </label>
                      </section>
                    </div>
                  </div>
                </div>
                <div
                  class="tabHeading"
                >
                  cd.pipelineSteps.serviceTab.aboutYourService
                </div>
                <div
                  class="bp3-card bp3-elevation-0 Card--card sectionCard"
                  id="aboutService"
                >
                  <div
                    class="OverlaySpinner--overlaySpinner"
                  >
                    <div
                      class="Layout--horizontal Layout--layout-spacing-medium StyledProps--main formRow StyledProps--flex StyledProps--flex-alignItems-flex-start StyledProps--flex-justifyContent-flex-start"
                    >
                      <div
                        class="bp3-form-group"
                      >
                        <label
                          class="bp3-label"
                          for="serviceRef"
                        >
                          <span
                            class="Tooltip--acenter"
                            data-tooltip-id="specifyYourService"
                          >
                            cd.pipelineSteps.serviceTab.specifyYourService
                          </span>
                           
                          <span
                            class="bp3-text-muted"
                          />
                        </label>
                        <div
                          class="bp3-form-content"
                        >
                          <div
                            class="Layout--horizontal StyledProps--main MultiTypeInput--main MultiTypeInput--disabled"
                            style="width: 300px;"
                          >
                            <div
                              class="TextInput--main MultiTypeInput--input"
                            >
                              <div
                                class="bp3-input-group bp3-disabled"
                              >
                                <input
                                  class="bp3-input"
                                  disabled=""
                                  name="serviceRef"
                                  placeholder="<+input>"
                                  type="text"
                                  value="<+input>"
                                />
                              </div>
                            </div>
                            <span
                              class="bp3-popover-wrapper MultiTypeInput--wrapper"
                            >
                              <span
                                class="bp3-popover-target"
                              >
                                <button
                                  class="MultiTypeInput--btn MultiTypeInput--RUNTIME"
                                >
                                  <span
                                    class="bp3-icon StyledProps--main"
                                    data-icon="runtime-input"
                                  >
                                    <svg
                                      height="12"
                                      viewBox="0 0 10 7.97"
                                      width="12"
                                      xmlns="http://www.w3.org/2000/svg"
                                    >
                                      <path
                                        d="M8.14 4L8 3.72a2.53 2.53 0 01-.12-.3l-.16-.35c-.11-.25-.22-.38-.32-.38s-.28.15-.37.44C7 3.1 7 3.07 7 3a.73.73 0 01.24-.46.66.66 0 01.42-.26c.25 0 .5.35.76 1.05l.07.17.07-.12c.47-.73.86-1.1 1.18-1.1a.71.71 0 01.29.07l-.4.42h-.11c-.24 0-.52.28-.86.83l-.09.16.07.2c.29.79.53 1.18.71 1.18s.31-.12.4-.36q.09.06.09.12t-.27.39a.74.74 0 01-.45.23c-.25 0-.51-.36-.77-1.07l-.12-.25-.1.17c-.44.76-.87 1.14-1.28 1.14a.65.65 0 01-.39-.12L6.84 5a.32.32 0 00.23.1c.25 0 .53-.25.83-.74l.17-.28zm-4-.32L1.7.59h2.47S5 .52 5.35 1a3.28 3.28 0 01.42 1.14h.31L5.94 0H0v.31l3.06 3.74L0 7.62V8h6.08l.38-2.36-.31-.07a2.43 2.43 0 01-.52 1c-.42.48-2 .41-2 .41H1.39z"
                                        fill="current-color"
                                      />
                                    </svg>
                                  </span>
                                </button>
                              </span>
                            </span>
                          </div>
                        </div>
                      </div>
                    </div>
                  </div>
                </div>
                <div
                  class="tabHeading"
                  id="serviceDefinition"
                >
                  pipelineSteps.deploy.serviceSpecifications.serviceDefinition
                </div>
                <div
                  class="bp3-card bp3-elevation-0 Card--card sectionCard"
                >
                  <div
                    class="tabSubHeading ng-tooltip-native"
                    data-tooltip-id="stageOverviewDeploymentType"
                  >
                    deploymentTypeText
                  </div>
                  <div
                    class="bp3-form-group ThumbnailSelect--mainContainer thumbnailSelect"
                  >
                    <div
                      class="bp3-form-content"
                    >
                      <div
                        class="Layout--horizontal Layout--layout-spacing-medium StyledProps--main"
                      >
                        <label
                          class="Thumbnail--squareCardContainer"
                        >
                          <div
                            class="bp3-card bp3-elevation-0 Card--card Thumbnail--squareCard Card--selected"
                          >
                            <span
                              class="Card--corner"
                            >
                              <span
                                class="Card--badge"
                              />
                              <span
                                class="bp3-icon StyledProps--main StyledProps--color StyledProps--color-white"
                                data-icon="main-tick"
                              >
                                <svg
                                  height="10"
                                  viewBox="0 0 11 8"
                                  width="10"
                                  xmlns="http://www.w3.org/2000/svg"
                                >
                                  <path
                                    d="M9.219.894c.356-.38.982-.413 1.398-.072.391.32.457.857.167 1.236l-.06.07-5.138 5.486c-.362.386-.993.41-1.403.068l-.07-.064-3.2-3.214A.88.88 0 01.95 3.098a1.045 1.045 0 011.328-.003l.074.067 2.443 2.454L9.22.894z"
                                    fill="currentColor"
                                  />
                                </svg>
                              </span>
                            </span>
                            <span
                              class="bp3-icon StyledProps--main"
                              data-icon="service-kubernetes"
                            >
                              <svg
                                height="26"
                                viewBox="0 0 14 14"
                                width="26"
                                xmlns="http://www.w3.org/2000/svg"
                              >
                                <path
                                  d="M7 .4c-.1 0-.2 0-.3.1L2 2.7c-.2.1-.4.3-.5.6l-1.2 5c-.1.2 0 .5.1.7l.1.1 3.2 4c.2.2.4.3.7.3h5.2c.3 0 .5-.1.7-.3l3.2-4c.2-.2.2-.5.2-.7l-1.2-5c-.1-.3-.2-.5-.5-.6L7.3.6c0-.1-.2-.2-.3-.2z"
                                  fill="#326ce5"
                                />
                                <path
                                  d="M7 2.1c-.2 0-.3.1-.3.3v.9c0 .1-.1.1-.1.1v.1c-.2 0-.3 0-.5.1-.7.2-1.4.5-1.8 1l-.1-.1H4c-.1-.1-.2-.2-.4-.3L3.4 4h-.1c-.1 0-.1-.1-.2-.1s-.2 0-.2.1c-.1.1-.1.3.1.4h.1c.1.1.2.1.2.1.2.1.3.2.4.3 0 0 .1.1.1.2l.1.1c-.5.7-.7 1.6-.6 2.5h-.1l-.1.1c-.1 0-.3.1-.5.1h-.4c-.2 0-.3.2-.2.3 0 .1.2.2.4.2h.1c.1 0 .2-.1.3-.1.2-.1.3-.1.5-.1.1 0 .1 0 .2.1h.1c.3.9.9 1.6 1.6 2l-.1.1v.2c-.1.1-.1.3-.3.5-.1.1-.1.1-.1.2v.1c-.1.2 0 .3.1.4s.3 0 .4-.2v-.1c0-.1.1-.2.1-.3.1-.2.1-.4.2-.5 0 0 .1 0 .1-.1l.1-.1c.6.2 1.4.3 2.1.2.2 0 .3-.1.5-.1l.1.1s.1 0 .1.1c.1.1.1.3.2.5 0 .1 0 .2.1.3v.1c.1.2.2.2.4.2.1-.1.2-.2.1-.4v-.1c0-.1-.1-.1-.1-.2-.1-.2-.2-.3-.2-.4V10.4c.8-.5 1.3-1.2 1.6-2h.1s.1-.1.2-.1.3.1.5.1c.1 0 .2.1.3.1h.1c.2 0 .3-.1.4-.2 0-.1-.1-.3-.2-.3h-.4c-.2 0-.4 0-.5-.1-.1 0-.1-.1-.1-.1h-.1c.1-.4 0-.9-.1-1.3s-.3-.9-.5-1.2l.1-.1c0-.1 0-.1.1-.2s.2-.2.4-.3c.1 0 .2-.1.2-.1h.1c.1-.1.2-.3.1-.4s-.3-.1-.4 0h-.1l-.2.2c-.1.1-.3.3-.4.3H10l-.1.1c-.6-.6-1.4-1-2.3-1.1v-.1l-.1-.1V3v-.4c-.2-.3-.3-.5-.5-.5zm-.3 2.2l-.1 1.5c0 .1-.1.2-.2.2h-.1l-1.2-.9c.4-.4.8-.6 1.4-.8zm.7 0c.6.1 1.2.4 1.7.8l-1.2.8c-.1.1-.3.1-.3 0l-.1-.1zM4.6 5.7l1.1 1c.1.1.1.2 0 .3l-.1.1-1.4.4c-.1-.7 0-1.3.4-1.8zm4.9 0c.2.3.3.6.4.9s.1.6.1.9l-1.4-.4c-.1 0-.2-.2-.2-.3s0-.1.1-.1zm-2.7 1h.4l.3.3-.1.4-.4.2-.4-.2-.1-.4zm1.4 1.2c.1 0 .1 0 0 0l1.5.2c-.2.6-.6 1.1-1.2 1.5l-.6-1.4c.1-.1.1-.2.3-.3zm-2.4 0c.1 0 .2.1.2.2v.2l-.6 1.4c-.5-.3-.9-.8-1.2-1.5zm1.2.6l.2.1.7 1.3c-.1 0-.2.1-.3.1-.5.1-1.1.1-1.6-.1l.7-1.3c.2 0 .2-.1.3-.1z"
                                  fill="#fff"
                                  stroke="#fff"
                                  stroke-width="0.25"
                                />
                              </svg>
                            </span>
                          </div>
                          <p
                            class="StyledProps--font StyledProps--main Thumbnail--label StyledProps--font-weight-semi-bold StyledProps--color StyledProps--color-grey600 StyledProps--margin-top-small"
                          >
                            serviceDeploymentTypes.kubernetes
                          </p>
                          <input
                            checked=""
                            name="deploymentType"
                            type="checkbox"
                            value="Kubernetes"
                          />
                        </label>
                        <button
                          class="bp3-button bp3-minimal Button--button StyledProps--font StyledProps--main ThumbnailSelect--changeButton StyledProps--intent-primary Button--without-shadow Button--withLeftIcon"
                          data-testid="thumbnail-select-change"
                          type="button"
                        >
                          <span
                            class="bp3-icon StyledProps--main StyledProps--padding-right-xsmall"
                            data-icon="Edit"
                          >
                            <svg
                              height="12"
                              viewBox="0 0 16 16"
                              width="12"
                              xmlns="http://www.w3.org/2000/svg"
                            >
                              <path
                                clip-rule="evenodd"
                                d="M11.207.485a.5.5 0 01.354-.146 3.5 3.5 0 013.5 3.5.5.5 0 01-.146.353l-11 11a.5.5 0 01-.354.147h-3a.5.5 0 01-.5-.5v-3a.5.5 0 01.146-.354l11-11zm.553.862L1.061 12.046v2.293h2.293l10.7-10.7a2.5 2.5 0 00-2.294-2.292z"
                                fill="currentColor"
                                fill-rule="evenodd"
                              />
                              <path
                                clip-rule="evenodd"
                                d="M11.89 2.646a.5.5 0 010 .708L8.353 6.889a.5.5 0 01-.708-.707l3.536-3.536a.5.5 0 01.707 0z"
                                fill="currentColor"
                                fill-rule="evenodd"
                                opacity="0.3"
                              />
                            </svg>
                          </span>
                          <span
                            class="bp3-button-text"
                          >
                            Change
                          </span>
                        </button>
                      </div>
                    </div>
                  </div>
                </div>
                <div
                  class="Layout--horizontal StyledProps--main"
                >
                  <div
                    class="serviceDefinition"
                  >
                    <div
                      class="accordionTitle"
                    >
                      <div
                        class="tabHeading"
                        id="advanced"
                      >
                        advancedTitle
                      </div>
                      <div
                        class="bp3-card bp3-elevation-0 Card--card sectionCard"
                        id="variablesText"
                      >
                        <div
                          class="tabSubHeading"
                        >
                          variablesText
                        </div>
                        <div
                          class="Layout--vertical StyledProps--main"
                          style="border-radius: 5px;"
                        >
                          <section>
                            <p
                              class="StyledProps--font StyledProps--main StyledProps--color StyledProps--color-grey500"
                              style="font-size: 13px;"
                            >
                              workflowVariableInfo
                            </p>
                            <div
                              class="customVariablesStage"
                            >
                              <button
                                class="bp3-button Button--button StyledProps--font StyledProps--main addVariable Button--with-current-color Button--variation Button--variation-link Button--size Button--small"
                                type="button"
                              >
                                <span
                                  class="bp3-button-text"
                                >
                                  + common.addVariable
                                </span>
                              </button>
                            </div>
                          </section>
                        </div>
                      </div>
                    </div>
                  </div>
                </div>
                <div
                  class="StyledProps--font StyledProps--main StyledProps--margin-top-xxlarge"
                >
                  <div
                    class="Layout--horizontal StyledProps--main navigationBtns"
                  >
                    <button
                      class="bp3-button Button--button StyledProps--font StyledProps--main Button--with-current-color Button--withLeftIcon Button--variation Button--variation-secondary"
                      type="button"
                    >
                      <span
                        class="bp3-icon bp3-icon-chevron-left StyledProps--main StyledProps--padding-right-xsmall"
                        icon="chevron-left"
                      >
                        <svg
                          data-icon="chevron-left"
                          height="16"
                          viewBox="0 0 16 16"
                          width="16"
                        >
                          <desc>
                            chevron-left
                          </desc>
                          <path
                            d="M7.41 8l3.29-3.29c.19-.18.3-.43.3-.71a1.003 1.003 0 00-1.71-.71l-4 4C5.11 7.47 5 7.72 5 8c0 .28.11.53.29.71l4 4a1.003 1.003 0 001.42-1.42L7.41 8z"
                            fill-rule="evenodd"
                          />
                        </svg>
                      </span>
                      <span
                        class="bp3-button-text"
                      >
                        previous
                      </span>
                    </button>
                    <button
                      class="bp3-button Button--button StyledProps--font StyledProps--main Button--with-current-color Button--withRightIcon Button--variation Button--variation-primary"
                      type="button"
                    >
                      <span
                        class="bp3-button-text"
                      >
                        next
                      </span>
                      <span
                        class="bp3-icon bp3-icon-chevron-right StyledProps--main"
                        icon="chevron-right"
                      >
                        <svg
                          data-icon="chevron-right"
                          height="16"
                          viewBox="0 0 16 16"
                          width="16"
                        >
                          <desc>
                            chevron-right
                          </desc>
                          <path
                            d="M10.71 7.29l-4-4a1.003 1.003 0 00-1.42 1.42L8.59 8 5.3 11.29c-.19.18-.3.43-.3.71a1.003 1.003 0 001.71.71l4-4c.18-.18.29-.43.29-.71 0-.28-.11-.53-.29-.71z"
                            fill-rule="evenodd"
                          />
                        </svg>
                      </span>
                    </button>
                  </div>
                </div>
              </div>
            </div>
          </div>
        </form>
      </div>
    </div>
  </section>
</div>
`;
