// Jest Snapshot v1, https://goo.gl/fbAQLP

exports[`FeatureWarningBanner FeatureWarningBanner 1`] = `
<div>
  <div
    class="Layout--horizontal StyledProps--main StyledProps--flex"
  >
    <div
      class="Layout--horizontal Layout--layout-spacing-small StyledProps--main expanded StyledProps--padding-small StyledProps--flex"
    >
      <span
        class="bp3-popover-wrapper"
      >
        <span
          class="bp3-popover-target"
        >
          <p
            class="StyledProps--font StyledProps--main warning StyledProps--color StyledProps--color-orange800 StyledProps--font-variation-small StyledProps--font-weight-bold"
            style="display: flex; align-items: center;"
            tabindex="0"
          >
            <span
              class="bp3-icon StyledProps--main Text--icon StyledProps--padding-right-small StyledProps--color StyledProps--color-orange800"
              data-icon="flash"
            >
              <svg
                height="25"
                viewBox="0 0 33 28"
                width="25"
                xmlns="http://www.w3.org/2000/svg"
              >
                <path
                  clip-rule="evenodd"
                  d="M3.773 17.341L20.885 1.75l-2.297 8.909h8.184L9.66 26.25l2.297-8.909z"
                  fill="#ff5310"
                  fill-rule="evenodd"
                />
              </svg>
            </span>
            COMMON.FEATURE.UPGRADEREQUIRED.TITLE
          </p>
        </span>
      </span>
      <p
        class="StyledProps--font StyledProps--main StyledProps--font-variation-form-help StyledProps--color StyledProps--color-primary10"
      >
        common.feature.upgradeRequired.description
         
        <span>
          projectsOrgs.multipleOrganizations
        </span>
      </p>
      <button
        class="bp3-button Button--button StyledProps--font StyledProps--main Button--with-current-color Button--iconOnly Button--variation Button--variation-primary Button--size Button--small"
        type="button"
      >
        <span
          class="bp3-button-text"
        >
          common.explorePlans
        </span>
      </button>
    </div>
  </div>
</div>
`;
