// Jest Snapshot v1, https://goo.gl/fbAQLP

exports[`ServiceModal should render Services modal 1`] = `
<div>
  <div
    class="StyledProps--font StyledProps--main yamlToggle"
  >
    <div
      class="Layout--horizontal StyledProps--main StyledProps--flex StyledProps--flex-justifyContent-flex-start"
      padding-top="8px"
    >
      <div
        class="PillToggle--optionBtns"
      >
        <div
          class="PillToggle--item PillToggle--selected"
          data-name="toggle-option-one"
          role="button"
          tabindex="0"
        >
          VISUAL
        </div>
        <div
          class="PillToggle--item"
          data-name="toggle-option-two"
          role="button"
          tabindex="0"
        >
          YAML
        </div>
      </div>
    </div>
  </div>
  <div
    class="OverlaySpinner--overlaySpinner"
  >
    <form
      class="FormikForm--main"
    >
      <div>
        <div
          class="StyledProps--font StyledProps--main main"
        >
          <div
            class="InputWithIdentifier--txtNameContainer TextInput--main"
          >
            <div
              class="Layout--horizontal Layout--layout-spacing-xsmall StyledProps--main InputWithIdentifier--txtIdContainer"
            >
              <div
                class="Text--withDocsTooltip"
                data-tooltip-id="addService_identifier"
              >
                <p
                  class="StyledProps--font StyledProps--main"
                >
                  ID
                </p>
              </div>
              <p
                class="StyledProps--font StyledProps--main"
              >
                :
              </p>
              <span
                class="bp3-popover-wrapper"
              >
                <span
                  class="bp3-popover-target"
                >
                  <div
                    class="bp3-editable-text InputWithIdentifier--idValue"
                    tabindex="0"
                  >
                    <span
                      class="bp3-editable-text-content"
                      style="height: 1px; line-height: 1px; min-width: 0;"
                    >
                      Test_13
                    </span>
                  </div>
                </span>
              </span>
              <span
                class="bp3-icon StyledProps--main"
                data-icon="Edit"
                style="vertical-align: middle; cursor: pointer;"
              >
                <svg
                  height="12"
                  viewBox="0 0 16 16"
                  width="12"
                  xmlns="http://www.w3.org/2000/svg"
                >
                  <path
                    clip-rule="evenodd"
                    d="M11.207.485a.5.5 0 01.354-.146 3.5 3.5 0 013.5 3.5.5.5 0 01-.146.353l-11 11a.5.5 0 01-.354.147h-3a.5.5 0 01-.5-.5v-3a.5.5 0 01.146-.354l11-11zm.553.862L1.061 12.046v2.293h2.293l10.7-10.7a2.5 2.5 0 00-2.294-2.292z"
                    fill="currentColor"
                    fill-rule="evenodd"
                  />
                  <path
                    clip-rule="evenodd"
                    d="M11.89 2.646a.5.5 0 010 .708L8.353 6.889a.5.5 0 01-.708-.707l3.536-3.536a.5.5 0 01.707 0z"
                    fill="currentColor"
                    fill-rule="evenodd"
                    opacity="0.3"
                  />
                </svg>
              </span>
            </div>
            <div
              class="bp3-form-group"
              data-id="name-0"
            >
              <label
                class="bp3-label"
                for="name"
              >
                <span
                  class="Tooltip--acenter"
                  data-tooltip-id="addService_name"
                >
                  name
                </span>
                 
                <span
                  class="bp3-text-muted"
                />
              </label>
              <div
                class="bp3-form-content"
              >
                <div
                  class="bp3-input-group"
                >
                  <input
                    autocomplete="off"
                    class="bp3-input"
                    name="name"
                    type="text"
                    value="Test 13"
                  />
                </div>
              </div>
            </div>
          </div>
          <div
            class="StyledProps--font StyledProps--main"
            style="margin-bottom: 0px;"
          >
            <label
              class="Label--main bp3-label descriptionLabel"
            >
              optionalField
            </label>
            <div
              class="bp3-form-group"
              data-id="description-1"
            >
              <div
                class="bp3-form-content"
              >
                <textarea
                  autocomplete="off"
                  class="bp3-input bp3-fill"
                  maxlength="1024"
                  name="description"
                  placeholder="common.descriptionPlaceholder"
                >
                  Descrip
                </textarea>
              </div>
            </div>
          </div>
          <div
            class="StyledProps--font StyledProps--main"
          >
            <label
              class="Label--main bp3-label descriptionLabel"
            >
              optionalField
              <span
                class="bp3-icon StyledProps--main editOpen"
                data-icon="Edit"
                data-name="edit"
                data-testid="tags-edit"
              >
                <svg
                  height="12"
                  viewBox="0 0 16 16"
                  width="12"
                  xmlns="http://www.w3.org/2000/svg"
                >
                  <path
                    clip-rule="evenodd"
                    d="M11.207.485a.5.5 0 01.354-.146 3.5 3.5 0 013.5 3.5.5.5 0 01-.146.353l-11 11a.5.5 0 01-.354.147h-3a.5.5 0 01-.5-.5v-3a.5.5 0 01.146-.354l11-11zm.553.862L1.061 12.046v2.293h2.293l10.7-10.7a2.5 2.5 0 00-2.294-2.292z"
                    fill="currentColor"
                    fill-rule="evenodd"
                  />
                  <path
                    clip-rule="evenodd"
                    d="M11.89 2.646a.5.5 0 010 .708L8.353 6.889a.5.5 0 01-.708-.707l3.536-3.536a.5.5 0 01.707 0z"
                    fill="currentColor"
                    fill-rule="evenodd"
                    opacity="0.3"
                  />
                </svg>
              </span>
            </label>
          </div>
        </div>
        <div
          class="Layout--horizontal StyledProps--main editServiceSaveCancel"
        >
          <button
            class="bp3-button Button--button StyledProps--font StyledProps--main Button--with-current-color Button--variation Button--variation-primary"
            data-id="service-save"
            type="submit"
          >
            <span
              class="bp3-button-text"
            >
              save
            </span>
          </button>
          Â 
          <button
            class="bp3-button Button--button StyledProps--font StyledProps--main Button--with-current-color Button--variation Button--variation-tertiary"
            type="button"
          >
            <span
              class="bp3-button-text"
            >
              cancel
            </span>
          </button>
        </div>
      </div>
    </form>
  </div>
</div>
`;

exports[`ServiceModal should render Services modal 2`] = `
<div>
  <div
    class="StyledProps--font StyledProps--main yamlToggle"
  >
    <div
      class="Layout--horizontal StyledProps--main StyledProps--flex StyledProps--flex-justifyContent-flex-start"
      padding-top="8px"
    >
      <div
        class="PillToggle--optionBtns"
      >
        <div
          class="PillToggle--item"
          data-name="toggle-option-one"
          role="button"
          tabindex="0"
        >
          VISUAL
        </div>
        <div
          class="PillToggle--item PillToggle--selected"
          data-name="toggle-option-two"
          role="button"
          tabindex="0"
        >
          YAML
        </div>
      </div>
    </div>
  </div>
  <div
    class="OverlaySpinner--overlaySpinner"
  >
    <div
      class="StyledProps--font StyledProps--main editor"
    >
      <div />
      <div
        class="Layout--horizontal Layout--layout-spacing-xsmall StyledProps--main StyledProps--padding-top-large"
      >
        <button
          class="bp3-button bp3-disabled bp3-loading Button--button StyledProps--font StyledProps--main Button--with-current-color Button--variation Button--variation-primary"
          disabled=""
          tabindex="-1"
          type="submit"
        >
          <div
            class="bp3-spinner bp3-button-spinner"
          >
            <div
              class="bp3-spinner-animation"
            >
              <svg
                height="20"
                stroke-width="16.00"
                viewBox="-3.00 -3.00 106.00 106.00"
                width="20"
              >
                <path
                  class="bp3-spinner-track"
                  d="M 50,50 m 0,-45 a 45,45 0 1 1 0,90 a 45,45 0 1 1 0,-90"
                />
                <path
                  class="bp3-spinner-head"
                  d="M 50,50 m 0,-45 a 45,45 0 1 1 0,90 a 45,45 0 1 1 0,-90"
                  pathLength="280"
                  stroke-dasharray="280 280"
                  stroke-dashoffset="210"
                />
              </svg>
            </div>
          </div>
          <span
            class="bp3-button-text"
          >
            save
          </span>
        </button>
        <button
          class="bp3-button Button--button StyledProps--font StyledProps--main Button--with-current-color Button--variation Button--variation-tertiary"
          type="button"
        >
          <span
            class="bp3-button-text"
          >
            cancel
          </span>
        </button>
      </div>
    </div>
  </div>
</div>
`;
