// Jest Snapshot v1, https://goo.gl/fbAQLP

exports[`ServicesContent render 1`] = `
<div>
  <div
    class="StyledProps--font StyledProps--main PageBody--pageBody pageBody"
    data-name="page-body"
  >
    <div
      class="Layout--vertical StyledProps--main container"
    >
      <div
        class="Layout--horizontal StyledProps--main StyledProps--margin-bottom-large"
      >
        <div
          class="bp3-card bp3-elevation-0 Card--card card"
        >
          <div
            class="Layout--vertical StyledProps--main"
            style="width: 248px;"
          >
            <div
              class="Layout--horizontal StyledProps--main topSection"
            >
              <div
                class="Layout--vertical StyledProps--main"
                style="width: 100%;"
              >
                <p
                  class="StyledProps--font StyledProps--main StyledProps--font-weight-bold StyledProps--color StyledProps--color-grey600"
                >
                  services
                </p>
                <div
                  class="Layout--horizontal StyledProps--main StyledProps--flex StyledProps--flex-distribution-space-between"
                >
                  <p
                    class="StyledProps--font StyledProps--main text StyledProps--color StyledProps--color-black StyledProps--font-weight-bold"
                  >
                    0
                  </p>
                </div>
              </div>
            </div>
            <div
              class="Layout--vertical StyledProps--main bottomSection"
            >
              <div
                class="Layout--vertical StyledProps--main StyledProps--margin-bottom-medium"
              >
                <p
                  class="StyledProps--font StyledProps--main StyledProps--font-weight-bold StyledProps--color StyledProps--color-grey600 StyledProps--margin-bottom-xsmall"
                >
                  cd.serviceDashboard.serviceInstances
                </p>
                <div
                  class="Layout--horizontal StyledProps--main StyledProps--flex StyledProps--flex-alignItems-center StyledProps--flex-distribution-space-between"
                >
                  <p
                    class="StyledProps--font StyledProps--main text StyledProps--color StyledProps--color-black StyledProps--font-weight-bold"
                  >
                    0
                  </p>
                </div>
              </div>
            </div>
          </div>
        </div>
        <div
          class="bp3-card bp3-elevation-0 Card--card card"
        >
          <div
            class="bp3-card bp3-elevation-0 Card--card card"
          >
            <div
              class="Layout--vertical StyledProps--main"
              style="height: 100%;"
            >
              <p
                class="StyledProps--font StyledProps--main StyledProps--font-weight-bold StyledProps--color StyledProps--color-grey600"
              >
                common.mostActiveServices
              </p>
              <div
                class="StyledProps--font StyledProps--main StyledProps--margin-bottom-xlarge"
              >
                <div
                  class="Layout--horizontal StyledProps--main"
                >
                  <p
                    class="StyledProps--font StyledProps--main environmentType StyledProps--font-size-small StyledProps--font-weight-semi-bold StyledProps--intent-primary"
                    data-test="mostActiveServicesWidgetEnvironmentType"
                  >
                    all
                  </p>
                  <p
                    class="StyledProps--font StyledProps--main environmentType StyledProps--font-size-small StyledProps--font-weight-semi-bold"
                    data-test="mostActiveServicesWidgetEnvironmentType"
                  >
                    cd.serviceDashboard.prod
                  </p>
                  <p
                    class="StyledProps--font StyledProps--main environmentType StyledProps--font-size-small StyledProps--font-weight-semi-bold"
                    data-test="mostActiveServicesWidgetEnvironmentType"
                  >
                    cd.serviceDashboard.nonProd
                  </p>
                </div>
              </div>
              <div
                class="Layout--horizontal StyledProps--main StyledProps--margin-bottom-large"
              >
                <div
                  class="typeContainer typeSelected"
                  data-test="mostActiveServicesWidgetTypeSelected"
                >
                  <p
                    class="StyledProps--font StyledProps--main StyledProps--font-size-xsmall StyledProps--font-weight-semi-bold StyledProps--color StyledProps--color-white"
                  >
                    deploymentsText
                  </p>
                </div>
                <div
                  class="typeContainer"
                  data-test="mostActiveServicesWidgetType"
                >
                  <p
                    class="StyledProps--font StyledProps--main StyledProps--font-size-xsmall StyledProps--font-weight-semi-bold StyledProps--color StyledProps--color-black"
                  >
                    errors
                  </p>
                </div>
              </div>
              <div
                class="Layout--vertical StyledProps--main mostActiveServicesWidgetEmpty StyledProps--flex StyledProps--flex-align-center-center"
                data-test="mostActiveServicesWidgetEmpty"
              >
                <div
                  class="StyledProps--font StyledProps--main StyledProps--margin-bottom-medium"
                >
                  <img
                    height="50"
                    src="test-file-stub"
                    style="align-self: center;"
                    width="50"
                  />
                </div>
                <p
                  class="StyledProps--font StyledProps--main StyledProps--color StyledProps--color-grey400"
                >
                  cd.serviceDashboard.noActiveServices
                </p>
              </div>
            </div>
          </div>
          <div
            class="separator"
          />
          <div
            class="bp3-card bp3-elevation-0 Card--card card"
          >
            <div
              class="Layout--vertical StyledProps--main"
              style="height: 100%;"
            >
              <div
                class="Layout--vertical StyledProps--main StyledProps--flex StyledProps--flex-align-center-center"
                data-test="deploymentsWidgetEmpty"
                style="height: 100%;"
              >
                <img
                  height="100"
                  src="test-file-stub"
                  style="align-self: center;"
                  width="150"
                />
                <p
                  class="StyledProps--font StyledProps--main StyledProps--color StyledProps--color-grey400 StyledProps--margin-top-medium"
                >
                  cd.serviceDashboard.noDeployments
                </p>
              </div>
            </div>
          </div>
        </div>
      </div>
      <div
        class="Layout--vertical StyledProps--main container"
      >
        <div
          class="Layout--horizontal StyledProps--main listHeader StyledProps--flex StyledProps--flex-distribution-space-between StyledProps--padding-top-medium StyledProps--padding-bottom-medium"
        >
          <p
            class="StyledProps--font StyledProps--main StyledProps--font-size-medium StyledProps--font-weight-semi-bold StyledProps--color StyledProps--color-grey700"
          >
            cd.serviceDashboard.totalServices
          </p>
          <div
            class="Layout--horizontal StyledProps--main StyledProps--margin-left-small"
          >
            <div
              class="bp3-input-group ui-search-box ExpandingSearchInput--main  ExpandingSearchInput--flip  ExpandingSearchInput--light"
              data-name=""
              style="max-width: 232px;"
            >
              <span
                class="bp3-icon StyledProps--main ExpandingSearchInput--icon StyledProps--color StyledProps--color-grey700"
                data-icon="thinner-search"
              >
                <svg
                  fill="none"
                  height="14"
                  viewBox="0 0 16 16"
                  width="14"
                  xmlns="http://www.w3.org/2000/svg"
                >
                  <path
                    d="M7.125 13.25c1.617 0 3.32-.695 4.375-1.75L15 15l-3.5-3.5c1.021-1.005 1.75-2.894 1.75-4.375a6.125 6.125 0 10-6.125 6.125z"
                    stroke="currentColor"
                    stroke-linecap="round"
                    stroke-linejoin="round"
                  />
                </svg>
              </span>
              <input
                class="bp3-input  ExpandingSearchInput--filter"
                dir="auto"
                placeholder="search"
                style="padding-right: 0px;"
                type="search"
                value=""
              />
            </div>
          </div>
          <div
            class="Layout--horizontal StyledProps--main timeRangeSelector StyledProps--flex StyledProps--flex-alignItems-center"
            style="width: 25%;"
          >
            <div
              class="separator"
            />
            <div
              class="Layout--horizontal StyledProps--main StyledProps--padding-left-small StyledProps--padding-right-small"
            >
              <span
                class="bp3-popover-wrapper timeRangeSelector"
              >
                <span
                  class="bp3-popover-target"
                >
                  <button
                    class="bp3-button bp3-minimal Button--button StyledProps--font StyledProps--main timeRangeButton StyledProps--font StyledProps--font-size-xsmall Button--with-current-color Button--without-shadow Button--withRightIcon"
                    style="height: 20px;"
                    type="button"
                  >
                    <span
                      class="bp3-button-text"
                    >
                      common.duration.month
                    </span>
                    <span
                      class="bp3-icon bp3-icon-caret-down StyledProps--main"
                      icon="caret-down"
                    >
                      <svg
                        data-icon="caret-down"
                        height="16"
                        viewBox="0 0 16 16"
                        width="16"
                      >
                        <desc>
                          caret-down
                        </desc>
                        <path
                          d="M12 6.5c0-.28-.22-.5-.5-.5h-7a.495.495 0 00-.37.83l3.5 4c.09.1.22.17.37.17s.28-.07.37-.17l3.5-4c.08-.09.13-.2.13-.33z"
                          fill-rule="evenodd"
                        />
                      </svg>
                    </span>
                  </button>
                </span>
              </span>
            </div>
            <div
              class="separator"
            />
          </div>
        </div>
        <div
          class="Layout--vertical StyledProps--main StyledProps--flex StyledProps--flex-align-center-center"
          data-test="deploymentsWidgetEmpty"
          style="height: 80%;"
        >
          <img
            height="100"
            src="test-file-stub"
            style="align-self: center;"
            width="150"
          />
          <p
            class="StyledProps--font StyledProps--main StyledProps--color StyledProps--color-grey400 StyledProps--margin-top-medium"
          >
            cd.serviceDashboard.noServiceDetails
          </p>
        </div>
      </div>
    </div>
  </div>
</div>
`;
