// Jest Snapshot v1, https://goo.gl/fbAQLP

exports[`ServiceHeader render 1`] = `
<div>
  <div
    class="Layout--horizontal StyledProps--main header StyledProps--flex StyledProps--flex-distribution-space-between"
  >
    <div
      class="Layout--horizontal StyledProps--main"
    >
      <button
        class="bp3-button Button--button StyledProps--font StyledProps--main StyledProps--intent-primary Button--with-current-color Button--withLeftIcon"
        data-testid="add-service"
        type="button"
      >
        <span
          class="bp3-icon bp3-icon-plus StyledProps--main StyledProps--padding-right-xsmall"
          icon="plus"
        >
          <svg
            data-icon="plus"
            height="10"
            viewBox="0 0 16 16"
            width="10"
          >
            <desc>
              plus
            </desc>
            <path
              d="M13 7H9V3c0-.55-.45-1-1-1s-1 .45-1 1v4H3c-.55 0-1 .45-1 1s.45 1 1 1h4v4c0 .55.45 1 1 1s1-.45 1-1V9h4c.55 0 1-.45 1-1s-.45-1-1-1z"
              fill-rule="evenodd"
            />
          </svg>
        </span>
        <span
          class="bp3-button-text"
        >
          newService
        </span>
      </button>
    </div>
    <div
      class="Layout--horizontal StyledProps--main StyledProps--flex"
    >
      <button
        class="bp3-button bp3-minimal Button--button StyledProps--font StyledProps--main StyledProps--intent-primary Button--with-current-color Button--without-shadow Button--withLeftIcon"
        type="button"
      >
        <span
          class="bp3-icon StyledProps--main"
          data-icon="insight-view"
        >
          <svg
            height="16"
            viewBox="0 0 24 24"
            width="16"
            xmlns="http://www.w3.org/2000/svg"
          >
            <rect
              height="6"
              rx="1"
              width="19"
              x="2"
              y="4"
            />
            <rect
              height="2"
              rx="1"
              width="19"
              x="2"
              y="13"
            />
            <rect
              height="2"
              rx="1"
              width="19"
              x="2"
              y="18"
            />
          </svg>
        </span>
      </button>
      <button
        class="bp3-button bp3-minimal Button--button StyledProps--font StyledProps--main Button--with-current-color Button--without-shadow Button--withLeftIcon"
        type="button"
      >
        <span
          class="bp3-icon StyledProps--main"
          data-icon="list-view"
        >
          <svg
            height="16"
            viewBox="0 0 24 24"
            width="16"
            xmlns="http://www.w3.org/2000/svg"
          >
            <rect
              height="2"
              rx="1"
              width="19"
              x="2"
              y="4"
            />
            <rect
              height="2"
              rx="1"
              width="19"
              x="2"
              y="11"
            />
            <rect
              height="2"
              rx="1"
              width="19"
              x="2"
              y="18"
            />
          </svg>
        </span>
      </button>
    </div>
  </div>
</div>
`;
