// Jest Snapshot v1, https://goo.gl/fbAQLP

exports[`Unit tests for LogAnalysisContainer Verify if LogAnalysisContainer renders 1`] = `
<div>
  <div
    class="container"
  >
    <div
      class="Layout--horizontal Layout--layout-spacing-medium StyledProps--main StyledProps--margin-bottom-medium"
    >
      <div
        class="bp3-popover-wrapper logsAnalysisFilters Select--main bp3-fill"
      >
        <div
          class="bp3-popover-target"
        >
          <div
            class="bp3-input-group"
          >
            <input
              autocomplete="off"
              class="bp3-input"
              placeholder="pipeline.verification.logs.filterByClusterType"
              style="padding-right: 0px;"
              type="text"
              value="pipeline.verification.logs.unknownEvent"
            />
            <span
              class="bp3-input-action"
            >
              <span
                class="bp3-icon bp3-icon-chevron-down StyledProps--main StyledProps--padding-small"
                icon="chevron-down"
              >
                <svg
                  data-icon="chevron-down"
                  height="14"
                  viewBox="0 0 16 16"
                  width="14"
                >
                  <desc>
                    chevron-down
                  </desc>
                  <path
                    d="M12 5c-.28 0-.53.11-.71.29L8 8.59l-3.29-3.3a1.003 1.003 0 00-1.42 1.42l4 4c.18.18.43.29.71.29s.53-.11.71-.29l4-4A1.003 1.003 0 0012 5z"
                    fill-rule="evenodd"
                  />
                </svg>
              </span>
            </span>
          </div>
        </div>
      </div>
      <div
        class="bp3-popover-wrapper maxDropDownWidth logsAnalysisFilters Select--main bp3-fill"
      >
        <div
          class="bp3-popover-target"
        >
          <div
            class="bp3-input-group"
          >
            <input
              autocomplete="off"
              class="bp3-input"
              name="healthsources-select"
              placeholder="pipeline.verification.healthSourcePlaceholder"
              style="padding-right: 0px;"
              type="text"
              value=""
            />
            <span
              class="bp3-input-action"
            >
              <span
                class="bp3-icon bp3-icon-chevron-down StyledProps--main StyledProps--padding-small"
                icon="chevron-down"
              >
                <svg
                  data-icon="chevron-down"
                  height="14"
                  viewBox="0 0 16 16"
                  width="14"
                >
                  <desc>
                    chevron-down
                  </desc>
                  <path
                    d="M12 5c-.28 0-.53.11-.71.29L8 8.59l-3.29-3.3a1.003 1.003 0 00-1.42 1.42l4 4c.18.18.43.29.71.29s.53-.11.71-.29l4-4A1.003 1.003 0 0012 5z"
                    fill-rule="evenodd"
                  />
                </svg>
              </span>
            </span>
          </div>
        </div>
      </div>
    </div>
    <div
      class="bp3-card bp3-elevation-0 Card--card clusterChart"
    >
      <h2
        class="StyledProps--font StyledProps--font-h2 StyledProps--main StyledProps--font-variation-card-title"
        level="2"
      >
        pipeline.verification.logs.logCluster
      </h2>
      <div
        class="StyledProps--font StyledProps--main StyledProps--padding-medium"
      />
    </div>
    <div
      class="StyledProps--font StyledProps--main main"
    >
      <div
        class="StyledProps--font StyledProps--main mainRow columnHeader"
      >
        <p
          class="StyledProps--font StyledProps--main clusterType logRowColumnHeader StyledProps--color StyledProps--color-black"
        >
          pipeline.verification.logs.clusterType
        </p>
        <p
          class="StyledProps--font StyledProps--main risk logRowColumnHeader StyledProps--color StyledProps--color-black"
        >
          pipeline.verification.logs.risk
        </p>
        <p
          class="StyledProps--font StyledProps--main message logRowColumnHeader StyledProps--color StyledProps--color-black"
        >
          pipeline.verification.logs.sampleMessage
        </p>
        <p
          class="StyledProps--font StyledProps--main count logRowColumnHeader StyledProps--color StyledProps--color-black"
        >
          pipeline.verification.logs.messageCount
        </p>
        <p
          class="StyledProps--font StyledProps--main messageFrequency logRowColumnHeader StyledProps--color StyledProps--color-black"
        >
          pipeline.verification.logs.messageFrequency
        </p>
      </div>
      <div
        class="StyledProps--font StyledProps--main dataContainer"
      >
        <div
          class="StyledProps--font StyledProps--main mainRow dataRow highlightRow"
          data-testid="logs-data-row"
        >
          <div
            class="StyledProps--font StyledProps--main dataColumn openModalColumn compareDataColumn clusterType"
          >
            <p
              class="StyledProps--font StyledProps--main"
            >
              Known
            </p>
          </div>
          <div
            class="StyledProps--font StyledProps--main logRowText dataColumn openModalColumn risk"
          >
            <div
              class="healthScoreCard"
            >
              <p
                class="StyledProps--font StyledProps--main StyledProps--font-size-xsmall StyledProps--font-weight-semi-bold StyledProps--color StyledProps--color-white"
              >
                NA
              </p>
            </div>
          </div>
          <div
            class="StyledProps--font StyledProps--main logText dataColumn openModalColumn message"
          >
            <p
              class="logRowText"
            >
              prod-setup-205416
            </p>
          </div>
          <div
            class="StyledProps--font StyledProps--main logRowText dataColumn openModalColumn count StyledProps--padding-left-medium"
          >
            <p
              class="count"
            >
              1
            </p>
          </div>
          <div
            class="StyledProps--font StyledProps--main lineChartContainer dataColumn messageFrequency"
          />
        </div>
        <div
          class="StyledProps--font StyledProps--main mainRow dataRow highlightRow"
          data-testid="logs-data-row"
        >
          <div
            class="StyledProps--font StyledProps--main dataColumn openModalColumn compareDataColumn clusterType"
          >
            <p
              class="StyledProps--font StyledProps--main"
            >
              Unknown
            </p>
          </div>
          <div
            class="StyledProps--font StyledProps--main logRowText dataColumn openModalColumn risk"
          >
            <div
              class="healthScoreCard"
            >
              <p
                class="StyledProps--font StyledProps--main StyledProps--font-size-xsmall StyledProps--font-weight-semi-bold StyledProps--color StyledProps--color-white"
              >
                NA
              </p>
            </div>
          </div>
          <div
            class="StyledProps--font StyledProps--main logText dataColumn openModalColumn message"
          >
            <p
              class="logRowText"
            >
              prod-setup-205416
            </p>
          </div>
          <div
            class="StyledProps--font StyledProps--main logRowText dataColumn openModalColumn count StyledProps--padding-left-medium"
          >
            <p
              class="count"
            >
              1
            </p>
          </div>
          <div
            class="StyledProps--font StyledProps--main lineChartContainer dataColumn messageFrequency"
          />
        </div>
        <div
          class="StyledProps--font StyledProps--main mainRow dataRow highlightRow"
          data-testid="logs-data-row"
        >
          <div
            class="StyledProps--font StyledProps--main dataColumn openModalColumn compareDataColumn clusterType"
          >
            <p
              class="StyledProps--font StyledProps--main"
            >
              Unexpected
            </p>
          </div>
          <div
            class="StyledProps--font StyledProps--main logRowText dataColumn openModalColumn risk"
          >
            <div
              class="healthScoreCard"
            >
              <p
                class="StyledProps--font StyledProps--main StyledProps--font-size-xsmall StyledProps--font-weight-semi-bold StyledProps--color StyledProps--color-white"
              >
                NA
              </p>
            </div>
          </div>
          <div
            class="StyledProps--font StyledProps--main logText dataColumn openModalColumn message"
          >
            <p
              class="logRowText"
            >
              prod-setup-205416
            </p>
          </div>
          <div
            class="StyledProps--font StyledProps--main logRowText dataColumn openModalColumn count StyledProps--padding-left-medium"
          >
            <p
              class="count"
            >
              1
            </p>
          </div>
          <div
            class="StyledProps--font StyledProps--main lineChartContainer dataColumn messageFrequency"
          />
        </div>
      </div>
    </div>
    <div
      class="Layout--horizontal StyledProps--main Pagination--container StyledProps--padding-top-medium StyledProps--padding-bottom-medium StyledProps--flex StyledProps--flex-align-center-center StyledProps--flex-distribution-space-between"
    >
      <span
        class="StyledProps--font StyledProps--main StyledProps--inline StyledProps--font-variation-small-semi"
      >
        1
         of 
        1
      </span>
      <div
        class="Layout--horizontal StyledProps--main"
      >
        <button
          class="bp3-button bp3-disabled Button--button StyledProps--font StyledProps--main Pagination--roundedButton Pagination--buttonLeft Button--with-current-color Button--withLeftIcon Button--size Button--small"
          disabled=""
          tabindex="-1"
          type="button"
        >
          <span
            class="bp3-icon bp3-icon-arrow-left StyledProps--main StyledProps--padding-right-xsmall"
            icon="arrow-left"
          >
            <svg
              data-icon="arrow-left"
              height="12"
              viewBox="0 0 16 16"
              width="12"
            >
              <desc>
                arrow-left
              </desc>
              <path
                d="M13.99 6.99H4.41L7.7 3.7a1.003 1.003 0 00-1.42-1.42l-5 5a1.014 1.014 0 000 1.42l5 5a1.003 1.003 0 001.42-1.42L4.41 8.99H14c.55 0 1-.45 1-1s-.46-1-1.01-1z"
                fill-rule="evenodd"
              />
            </svg>
          </span>
          <span
            class="bp3-button-text"
          >
            Prev
          </span>
        </button>
        <button
          class="bp3-button bp3-disabled Button--button StyledProps--font StyledProps--main Pagination--roundedButton Pagination--selected Button--with-current-color"
          disabled=""
          tabindex="-1"
          type="button"
        >
          <span
            class="bp3-button-text"
          >
            1
          </span>
        </button>
        <button
          class="bp3-button bp3-disabled Button--button StyledProps--font StyledProps--main Pagination--roundedButton Pagination--buttonRight Button--with-current-color Button--withRightIcon Button--size Button--small"
          disabled=""
          tabindex="-1"
          type="button"
        >
          <span
            class="bp3-button-text"
          >
            Next
          </span>
          <span
            class="bp3-icon bp3-icon-arrow-right StyledProps--main"
            icon="arrow-right"
          >
            <svg
              data-icon="arrow-right"
              height="12"
              viewBox="0 0 16 16"
              width="12"
            >
              <desc>
                arrow-right
              </desc>
              <path
                d="M14.7 7.29l-5-5a.965.965 0 00-.71-.3 1.003 1.003 0 00-.71 1.71l3.29 3.29H1.99c-.55 0-1 .45-1 1s.45 1 1 1h9.59l-3.29 3.29a1.003 1.003 0 001.42 1.42l5-5c.18-.18.29-.43.29-.71s-.12-.52-.3-.7z"
                fill-rule="evenodd"
              />
            </svg>
          </span>
        </button>
      </div>
      <span>
        Showing 10 per page
      </span>
    </div>
  </div>
</div>
`;
