// Jest Snapshot v1, https://goo.gl/fbAQLP

exports[`Unit tests for SummaryOfDeployedNodes Ensure content is rendered correctly based on input 1`] = `
<div>
  <div
    class="StyledProps--font StyledProps--main main"
  >
    <p
      class="StyledProps--font StyledProps--main"
    >
      SUMMARY
    </p>
    <hr />
    <div
      class="StyledProps--font StyledProps--main summaryContainer"
    >
      <div
        class="StyledProps--font StyledProps--main summaryContent"
      >
        <div
          class="StyledProps--font StyledProps--main violations"
        >
          <p
            class="StyledProps--font StyledProps--main StyledProps--intent-danger StyledProps--font-size-large StyledProps--font-weight-bold"
          >
            3
          </p>
          <p
            class="StyledProps--font StyledProps--main outOf StyledProps--color StyledProps--color-black"
          >
            PIPELINE.OUTOF
          </p>
          <p
            class="StyledProps--font StyledProps--main StyledProps--font-size-large StyledProps--font-weight-bold"
          >
            20
          </p>
        </div>
        <p
          class="StyledProps--font StyledProps--main titleText StyledProps--color StyledProps--color-black"
        >
          pipeline.verification.metricsInViolation
        </p>
        <p
          class="StyledProps--font StyledProps--main viewDetails StyledProps--intent-primary"
          data-testid="pipeline.verification.analysisTab.metrics"
          style="display: flex; align-items: center;"
        >
          viewDetails
          <span
            class="bp3-icon bp3-icon-arrow-right StyledProps--main Text--icon StyledProps--padding-left-xsmall"
            icon="arrow-right"
          >
            <svg
              data-icon="arrow-right"
              height="16"
              viewBox="0 0 16 16"
              width="16"
            >
              <desc>
                arrow-right
              </desc>
              <path
                d="M14.7 7.29l-5-5a.965.965 0 00-.71-.3 1.003 1.003 0 00-.71 1.71l3.29 3.29H1.99c-.55 0-1 .45-1 1s.45 1 1 1h9.59l-3.29 3.29a1.003 1.003 0 001.42 1.42l5-5c.18-.18.29-.43.29-.71s-.12-.52-.3-.7z"
                fill-rule="evenodd"
              />
            </svg>
          </span>
        </p>
      </div>
      <div
        class="StyledProps--font StyledProps--main summaryContent"
      >
        <div
          class="StyledProps--font StyledProps--main violations"
        >
          <p
            class="StyledProps--font StyledProps--main StyledProps--intent-danger StyledProps--font-size-large StyledProps--font-weight-bold"
          >
            5
          </p>
          <p
            class="StyledProps--font StyledProps--main outOf StyledProps--color StyledProps--color-black"
          >
            PIPELINE.OUTOF
          </p>
          <p
            class="StyledProps--font StyledProps--main StyledProps--font-size-large StyledProps--font-weight-bold"
          >
            5
          </p>
        </div>
        <p
          class="StyledProps--font StyledProps--main titleText StyledProps--color StyledProps--color-black"
        >
          pipeline.verification.logClustersInViolation
        </p>
        <p
          class="StyledProps--font StyledProps--main viewDetails StyledProps--intent-primary"
          data-testid="pipeline.verification.analysisTab.logs"
          style="display: flex; align-items: center;"
        >
          viewDetails
          <span
            class="bp3-icon bp3-icon-arrow-right StyledProps--main Text--icon StyledProps--padding-left-xsmall"
            icon="arrow-right"
          >
            <svg
              data-icon="arrow-right"
              height="16"
              viewBox="0 0 16 16"
              width="16"
            >
              <desc>
                arrow-right
              </desc>
              <path
                d="M14.7 7.29l-5-5a.965.965 0 00-.71-.3 1.003 1.003 0 00-.71 1.71l3.29 3.29H1.99c-.55 0-1 .45-1 1s.45 1 1 1h9.59l-3.29 3.29a1.003 1.003 0 001.42 1.42l5-5c.18-.18.29-.43.29-.71s-.12-.52-.3-.7z"
                fill-rule="evenodd"
              />
            </svg>
          </span>
        </p>
      </div>
    </div>
  </div>
</div>
`;
