// Jest Snapshot v1, https://goo.gl/fbAQLP

exports[`ErrorsStrip ErrorsStrip 1`] = `
<div>
  <div
    class="Layout--horizontal StyledProps--main errorHeader StyledProps--flex StyledProps--flex-distribution-space-between"
  >
    <div
      class="Layout--horizontal StyledProps--main"
    >
      <span
        class="bp3-icon bp3-icon-warning-sign StyledProps--main StyledProps--intent-danger StyledProps--margin-right-small"
        icon="warning-sign"
      >
        <svg
          data-icon="warning-sign"
          height="16"
          viewBox="0 0 16 16"
          width="16"
        >
          <desc>
            warning-sign
          </desc>
          <path
            d="M15.84 13.5l.01-.01-7-12-.01.01c-.17-.3-.48-.5-.85-.5s-.67.2-.85.5l-.01-.01-7 12 .01.01c-.09.15-.15.31-.15.5 0 .55.45 1 1 1h14c.55 0 1-.45 1-1 0-.19-.06-.35-.15-.5zm-6.85-.51h-2v-2h2v2zm0-3h-2v-5h2v5z"
            fill-rule="evenodd"
          />
        </svg>
      </span>
      <p
        class="StyledProps--font StyledProps--main StyledProps--intent-danger"
      >
        common.errorCount
      </p>
      <span
        class="bp3-popover-wrapper"
      >
        <span
          class="bp3-popover-target"
        >
          <p
            class="StyledProps--font StyledProps--main StyledProps--font-variation-tiny-semi StyledProps--color StyledProps--color-grey600 StyledProps--margin-left-small"
            tabindex="0"
          >
            common.seeDetails
          </p>
        </span>
      </span>
    </div>
  </div>
</div>
`;
