// Jest Snapshot v1, https://goo.gl/fbAQLP

exports[`Kubernetes primary artifacts tests Should match snapshot 1`] = `<div />`;
