// Jest Snapshot v1, https://goo.gl/fbAQLP

exports[`Config section tests initial render with basic data 1`] = `
<div>
  <div
    class="StyledProps--font StyledProps--main StyledProps--flex"
    style="width: 150px;"
  >
    <p
      class="StyledProps--font StyledProps--main StyledProps--font-weight-bold"
    >
      cd.varFile
      :
    </p>
  </div>
</div>
`;

exports[`Config section tests render with artifactory data 1`] = `
<div>
  <div
    class="StyledProps--font StyledProps--main StyledProps--flex"
    style="width: 150px;"
  >
    <p
      class="StyledProps--font StyledProps--main StyledProps--font-weight-bold"
    >
      cd.varFile
      :
    </p>
  </div>
</div>
`;
